<ServerInitializationEvent/>
<InitGameEvent>
    <version>JAmp: v1.0.1.0 linux-i386 Dec 31 2021</version>
    <time_limit>0</time_limit>
    <sv_private_clients>0</sv_private_clients>
    <sv_min_rate>0</sv_min_rate>
    <sv_min_ping>0</sv_min_ping>
    <sv_max_rate>25000</sv_max_rate>
    <sv_max_clients>32</sv_max_clients>
    <sv_max_ping>0</sv_max_ping>
    <sv_hostname>^7|^0+^7| ^0T^7emplar Open</sv_hostname>
    <sv_fps>40</sv_fps>
    <sv_flood_protect_slow>1</sv_flood_protect_slow>
    <sv_flood_protect>1</sv_flood_protect>
    <sv_auto_demo>0</sv_auto_demo>
    <sv_allow_download>0</sv_allow_download>
    <protocol>26</protocol>
    <map_name>mb2_smuggler</map_name>
    <game_name>Movie Battles II V1.9.1.1</game_name>
    <g_team_swap>0</g_team_swap>
    <g_siege_team1>LEG_Good</g_siege_team1>
    <g_siege_team2>LEG_Evil</g_siege_team2>
    <g_saber_locking>1</g_saber_locking>
    <g_private_duel>1</g_private_duel>
    <g_need_pass>0</g_need_pass>
    <g_max_holocron_carry>3</g_max_holocron_carry>
    <g_max_force_rank>7</g_max_force_rank>
    <g_jedi_vs_merc>0</g_jedi_vs_merc>
    <g_gravity>800</g_gravity>
    <g_game_type>7</g_game_type>
    <g_force_based_teams>0</g_force_based_teams>
    <g_duel_weapon_disable>1</g_duel_weapon_disable>
    <g_competitive>0</g_competitive>
    <g_shuffle_timer>300</g_shuffle_timer>
    <g_duel_time_limit>900</g_duel_time_limit>
    <g_duel_friendly_team>0</g_duel_friendly_team>
    <g_authenticity>0</g_authenticity>
    <g_anti_cheat>1</g_anti_cheat>
    <frag_limit>30</frag_limit>
    <duel_frag_limit>10</duel_frag_limit>
    <dm_flags>0</dm_flags>
    <discord>CpyfG7btkz</discord>
    <capture_limit>0</capture_limit>
    <bot_min_players>0</bot_min_players>
    <bg_fighter_alt_control>0</bg_fighter_alt_control>
    <time_add>0</time_add>
    <tk_spec>400</tk_spec>
    <tk_kick>600</tk_kick>
</InitGameEvent>
<ClientConnectEvent>
    <slot>0</slot>
    <name>Padawan</name>
    <ip>666.666.666.666</ip>
    <port>29070</port>
</ClientConnectEvent>
<ClientUserinfoChangedEvent>
    <slot>0</slot>
    <name>Padawan</name>
    <team>spectator</team>
    <model>+sit_anya_fn/default</model>
    <color1>0</color1>
    <color2>0</color2>
    <siegeclass>none</siegeclass>
    <saber1></saber1>
    <saber2>none</saber2>
    <desired_team>spectator</desired_team>
    <model_variant>0</model_variant>
    <saber_variant>0</saber_variant>
    <mb_class>sith</mb_class>
</ClientUserinfoChangedEvent>
<ClientConnectEvent>
    <slot>1</slot>
    <name>Padawan[1]</name>
    <ip>777.777.777.777</ip>
    <port>29070</port>
</ClientConnectEvent>
<ClientUserinfoChangedEvent>
    <slot>1</slot>
    <name>Padawan[1]</name>
    <team>spectator</team>
    <model>kyle/default</model>
    <color1>4</color1>
    <color2>4</color2>
    <siegeclass>none</siegeclass>
    <saber1></saber1>
    <saber2>none</saber2>
    <desired_team>spectator</desired_team>
    <model_variant>0</model_variant>
    <saber_variant>0</saber_variant>
    <mb_class>jedi</mb_class>
</ClientUserinfoChangedEvent>
<ClientUserinfoChangedEvent>
    <slot>0</slot>
    <name>Padawan</name>
    <team>spectator</team>
    <model>+sit_anya_fn/default</model>
    <color1>255</color1>
    <color2>255</color2>
    <siegeclass>none</siegeclass>
    <saber1></saber1>
    <saber2>none</saber2>
    <desired_team>spectator</desired_team>
    <model_variant>0</model_variant>
    <saber_variant>0</saber_variant>
    <mb_class>sith</mb_class>
</ClientUserinfoChangedEvent>
<ClientUserinfoChangedEvent>
    <slot>0</slot>
    <name>Padawan</name>
    <team>spectator</team>
    <model>+sit_anya_fn/default</model>
    <color1>255</color1>
    <color2>255</color2>
    <siegeclass>none</siegeclass>
    <saber1></saber1>
    <saber2>none</saber2>
    <desired_team>spectator</desired_team>
    <model_variant>0</model_variant>
    <saber_variant>0</saber_variant>
    <mb_class>sith</mb_class>
</ClientUserinfoChangedEvent>
<ClientUserinfoChangedEvent>
    <slot>0</slot>
    <name>Padawan</name>
    <team>spectator</team>
    <model>+sit_anya_fn/default</model>
    <color1>255</color1>
    <color2>255</color2>
    <siegeclass>none</siegeclass>
    <saber1>single_1</saber1>
    <saber2>none</saber2>
    <desired_team>spectator</desired_team>
    <model_variant>0</model_variant>
    <saber_variant>0</saber_variant>
    <mb_class>sith</mb_class>
</ClientUserinfoChangedEvent>
<ClientBeginEvent>
    <slot>0</slot>
</ClientBeginEvent>
<ClientUserinfoChangedEvent>
    <slot>0</slot>
    <name>Padawan</name>
    <team>spectator</team>
    <model>+sit_anya_fn/default</model>
    <color1>255</color1>
    <color2>255</color2>
    <siegeclass>none</siegeclass>
    <saber1>single_1</saber1>
    <saber2>none</saber2>
    <desired_team>spectator</desired_team>
    <model_variant>0</model_variant>
    <saber_variant>0</saber_variant>
    <mb_class>sith</mb_class>
</ClientUserinfoChangedEvent>
<ClientUserinfoChangedEvent>
    <slot>0</slot>
    <name>Padawan</name>
    <team>spectator</team>
    <model>chiss/rgb</model>
    <color1>16738560</color1>
    <color2>16726528</color2>
    <siegeclass>none</siegeclass>
    <saber1>single_1</saber1>
    <saber2>none</saber2>
    <desired_team>imperial</desired_team>
    <model_variant>0</model_variant>
    <saber_variant>0</saber_variant>
    <mb_class>bounty_hunter</mb_class>
</ClientUserinfoChangedEvent>
<ClientUserinfoChangedEvent>
    <slot>0</slot>
    <name>Padawan</name>
    <team>spectator</team>
    <model>chiss/rgb</model>
    <color1>16738560</color1>
    <color2>16726528</color2>
    <siegeclass>none</siegeclass>
    <saber1>single_1</saber1>
    <saber2>none</saber2>
    <desired_team>imperial</desired_team>
    <model_variant>0</model_variant>
    <saber_variant>0</saber_variant>
    <mb_class>bounty_hunter</mb_class>
</ClientUserinfoChangedEvent>
<ClientUserinfoChangedEvent>
    <slot>0</slot>
    <name>Padawan</name>
    <team>spectator</team>
    <model>chiss/rgb</model>
    <color1>16738560</color1>
    <color2>16726528</color2>
    <siegeclass>none</siegeclass>
    <saber1>single_1</saber1>
    <saber2>none</saber2>
    <desired_team>imperial</desired_team>
    <model_variant>0</model_variant>
    <saber_variant>0</saber_variant>
    <mb_class>bounty_hunter</mb_class>
</ClientUserinfoChangedEvent>
<ClientUserinfoChangedEvent>
    <slot>1</slot>
    <name>Padawan[1]</name>
    <team>spectator</team>
    <model>kyle/default</model>
    <color1>4</color1>
    <color2>4</color2>
    <siegeclass>none</siegeclass>
    <saber1></saber1>
    <saber2>none</saber2>
    <desired_team>spectator</desired_team>
    <model_variant>0</model_variant>
    <saber_variant>0</saber_variant>
    <mb_class>jedi</mb_class>
</ClientUserinfoChangedEvent>
<ClientUserinfoChangedEvent>
    <slot>1</slot>
    <name>Padawan[1]</name>
    <team>spectator</team>
    <model>kyle/default</model>
    <color1>4</color1>
    <color2>4</color2>
    <siegeclass>none</siegeclass>
    <saber1></saber1>
    <saber2>none</saber2>
    <desired_team>spectator</desired_team>
    <model_variant>0</model_variant>
    <saber_variant>0</saber_variant>
    <mb_class>jedi</mb_class>
</ClientUserinfoChangedEvent>
<ClientUserinfoChangedEvent>
    <slot>1</slot>
    <name>Padawan[1]</name>
    <team>spectator</team>
    <model>kyle/default</model>
    <color1>4</color1>
    <color2>4</color2>
    <siegeclass>none</siegeclass>
    <saber1></saber1>
    <saber2>none</saber2>
    <desired_team>spectator</desired_team>
    <model_variant>0</model_variant>
    <saber_variant>0</saber_variant>
    <mb_class>jedi</mb_class>
</ClientUserinfoChangedEvent>
<ClientUserinfoChangedEvent>
    <slot>1</slot>
    <name>Padawan[1]</name>
    <team>spectator</team>
    <model>kyle/default</model>
    <color1>4</color1>
    <color2>4</color2>
    <siegeclass>none</siegeclass>
    <saber1>single_1</saber1>
    <saber2>none</saber2>
    <desired_team>spectator</desired_team>
    <model_variant>0</model_variant>
    <saber_variant>0</saber_variant>
    <mb_class>jedi</mb_class>
</ClientUserinfoChangedEvent>
<ClientBeginEvent>
    <slot>1</slot>
</ClientBeginEvent>
<ClientUserinfoChangedEvent>
    <slot>0</slot>
    <name>Padawan</name>
    <team>spectator</team>
    <model>chiss/rgb</model>
    <color1>16738560</color1>
    <color2>16726528</color2>
    <siegeclass>none</siegeclass>
    <saber1>single_1</saber1>
    <saber2>none</saber2>
    <desired_team>imperial</desired_team>
    <model_variant>0</model_variant>
    <saber_variant>0</saber_variant>
    <mb_class>bounty_hunter</mb_class>
</ClientUserinfoChangedEvent>
<ClientUserinfoChangedEvent>
    <slot>0</slot>
    <name>Padawan</name>
    <team>imperial</team>
    <model>chiss/rgb</model>
    <color1>16738560</color1>
    <color2>16726528</color2>
    <siegeclass>none</siegeclass>
    <saber1>single_1</saber1>
    <saber2>none</saber2>
    <desired_team>imperial</desired_team>
    <model_variant>0</model_variant>
    <saber_variant>0</saber_variant>
    <mb_class>bounty_hunter</mb_class>
</ClientUserinfoChangedEvent>
<ClientUserinfoChangedEvent>
    <slot>0</slot>
    <name>Padawan</name>
    <team>imperial</team>
    <model>chiss/rgb</model>
    <color1>16738560</color1>
    <color2>16726528</color2>
    <siegeclass>none</siegeclass>
    <saber1>single_1</saber1>
    <saber2>none</saber2>
    <desired_team>imperial</desired_team>
    <model_variant>0</model_variant>
    <saber_variant>0</saber_variant>
    <mb_class>bounty_hunter</mb_class>
</ClientUserinfoChangedEvent>
<ClientSpawnedEvent>
    <slot>0</slot>
    <team>imperial</team>
    <force_powers>
        <mb_class>bounty_hunter</mb_class>
        <perks>030000020000031330</perks>
    </force_powers>
    <ip>666.666.666.666</ip>
    <port>29070</port>
    <rate>25000</rate>
    <snaps>40</snaps>
    <name>Padawan</name>
    <model>chiss/rgb</model>
    <color1>16738560</color1>
    <color2>16726528</color2>
    <color3>255</color3>
    <color4>255</color4>
    <handicap>100</handicap>
    <sex>male</sex>
    <cg_predict_items>1</cg_predict_items>
    <saber1>single_1</saber1>
    <saber2>none</saber2>
    <char_color_red>66</char_color_red>
    <char_color_green>95</char_color_green>
    <char_color_blue>162</char_color_blue>
    <jp>0</jp>
    <ja_guid>AAAAAAAAAAAAAAAAAAAAAAAAAAAAAAAAAAAA</ja_guid>
    <team_task>0</team_task>
    <pb_indicator>true</pb_indicator>
    <team_overlay>true</team_overlay>
</ClientSpawnedEvent>
<ClientBeginEvent>
    <slot>0</slot>
</ClientBeginEvent>
<SayEvent>
    <slot>0</slot>
    <name>Padawan</name>
    <message>test</message>
    <chat_channel>say</chat_channel>
</SayEvent>
<SayEvent>
    <slot>0</slot>
    <name>Padawan</name>
    <message>test team</message>
    <chat_channel>sayteam</chat_channel>
</SayEvent>
<KillEvent>
    <killer>0</killer>
    <victim>0</victim>
    <weapon>
        <id>68</id>
        <name>MOD_REAL_THERMAL</name>
    </weapon>
</KillEvent>
<KillEvent>
    <killer>0</killer>
    <victim>0</victim>
    <weapon>
        <id>7</id>
        <name>MOD_SUICIDE</name>
    </weapon>
</KillEvent>
<AdminSayEvent>
    <message>!poll Shogun_FA Nightmare_FA Enclave_FA Dxun_FA Doomgiver_FA Dont_Change</message>
</AdminSayEvent>
<SmodEvent>
    <admin_slot>-1</admin_slot>
    <admin_id>1</admin_id>
    <admin_name>Padawan</admin_name>
    <admin_ip>666.666.666.666</admin_ip>
    <admin_port>29070</admin_port>
    <command>say</command>
    <args>!poll Shogun_FA Nightmare_FA Enclave_FA Dxun_FA Doomgiver_FA Dont_Change</args>
    <target_slot>-1</target_slot>
    <target_port>0</target_port>
</SmodEvent>
<SendingGameReportEvent/>
<FragLimitHitEvent/>
<ShutdownGameEvent/>
<AdminSayEvent>
    <message>test</message>
</AdminSayEvent>
<SmodEvent>
    <admin_slot>-1</admin_slot>
    <admin_id>1</admin_id>
    <admin_name>^7|^0+^7| ^0B^7ull^0y</admin_name>
    <admin_ip>127.0.0.1</admin_ip>
    <admin_port>29070</admin_port>
    <command>say</command>
    <args>test</args>
    <target_slot>-1</target_slot>
    <target_port>0</target_port>
</SmodEvent>
<SmodEvent>
    <admin_slot>-1</admin_slot>
    <admin_id>1</admin_id>
    <admin_name>^7|^0+^7| ^0B^7ull^0y</admin_name>
    <admin_ip>127.0.0.1</admin_ip>
    <admin_port>29070</admin_port>
    <command>smsay</command>
    <args>test</args>
    <target_slot>-1</target_slot>
    <target_port>0</target_port>
</SmodEvent>
<SmodEvent>
    <admin_slot>-1</admin_slot>
    <admin_id>1</admin_id>
    <admin_name>^7|^0+^7| ^0B^7ull^0y</admin_name>
    <admin_ip>127.0.0.1</admin_ip>
    <admin_port>29070</admin_port>
    <command>kick</command>
    <target_slot>1</target_slot>
    <target_name>^7|^0+^7| ^0B^7ull^0y[1]</target_name>
    <target_ip>127.0.0.1</target_ip>
    <target_port>29071</target_port>
</SmodEvent>
<SmodEvent>
    <admin_slot>-1</admin_slot>
    <admin_id>1</admin_id>
    <admin_name>^7|^0+^7| ^0B^7ull^0y</admin_name>
    <admin_ip>127.0.0.1</admin_ip>
    <admin_port>29070</admin_port>
    <command>nextmap</command>
    <target_slot>-1</target_slot>
    <target_port>0</target_port>
</SmodEvent>
<SmodEvent>
    <admin_slot>-1</admin_slot>
    <admin_id>1</admin_id>
    <admin_name>^7|^0+^7| ^0B^7ull^0y[1]</admin_name>
    <admin_ip>127.0.0.1</admin_ip>
    <admin_port>29070</admin_port>
    <command>map</command>
    <target_slot>-1</target_slot>
    <target_port>0</target_port>
</SmodEvent>
<SmodEvent>
    <admin_slot>-1</admin_slot>
    <admin_id>1</admin_id>
    <admin_name>^7|^0+^7| ^0B^7ull^0y[1]</admin_name>
    <admin_ip>127.0.0.1</admin_ip>
    <admin_port>29070</admin_port>
    <command>maprestart</command>
    <target_slot>-1</target_slot>
    <target_port>0</target_port>
</SmodEvent>
<SmodEvent>
    <admin_slot>-1</admin_slot>
    <admin_id>1</admin_id>
    <admin_name>^7|^0+^7| ^0B^7ull^0y[1]</admin_name>
    <admin_ip>127.0.0.1</admin_ip>
    <admin_port>29070</admin_port>
    <command>newround</command>
    <target_slot>-1</target_slot>
    <target_port>0</target_port>
</SmodEvent>
<SmodEvent>
    <admin_slot>-1</admin_slot>
    <admin_id>1</admin_id>
    <admin_name>^7|^0+^7| ^0B^7ull^0y[1]</admin_name>
    <admin_ip>127.0.0.1</admin_ip>
    <admin_port>29070</admin_port>
    <command>mbmode</command>
    <target_slot>-1</target_slot>
    <target_port>0</target_port>
</SmodEvent>
<SmodEvent>
    <admin_slot>-1</admin_slot>
    <admin_id>1</admin_id>
    <admin_name>^7|^0+^7| ^0B^7ull^0y[1]</admin_name>
    <admin_ip>127.0.0.1</admin_ip>
    <admin_port>29070</admin_port>
    <command>mbmode</command>
    <target_slot>-1</target_slot>
    <target_port>0</target_port>
</SmodEvent>
<SmodEvent>
    <admin_slot>-1</admin_slot>
    <admin_id>1</admin_id>
    <admin_name>^7|^0+^7| ^0B^7ull^0y[1]</admin_name>
    <admin_ip>127.0.0.1</admin_ip>
    <admin_port>29070</admin_port>
    <command>ban</command>
    <target_slot>0</target_slot>
    <target_name>^7|^0+^7| ^0B^7ull^0y</target_name>
    <target_ip>127.0.0.1</target_ip>
    <target_port>29071</target_port>
</SmodEvent>
<SmodEvent>
    <admin_slot>-1</admin_slot>
    <admin_id>1</admin_id>
    <admin_name>^7|^0+^7| ^0B^7ull^0y[1]</admin_name>
    <admin_ip>127.0.0.1</admin_ip>
    <admin_port>29070</admin_port>
    <command>mbmode</command>
    <target_slot>-1</target_slot>
    <target_port>0</target_port>
</SmodEvent>
<SmodEvent>
    <admin_slot>-1</admin_slot>
    <admin_id>1</admin_id>
    <admin_name>^7|^0+^7| ^0B^7ull^0y[1]</admin_name>
    <admin_ip>127.0.0.1</admin_ip>
    <admin_port>29070</admin_port>
    <command>ban</command>
    <target_slot>0</target_slot>
    <target_name>^7|^0+^7| ^0B^7ull^0y</target_name>
    <target_ip>127.0.0.1</target_ip>
    <target_port>29071</target_port>
</SmodEvent>
<SmodEvent>
    <admin_slot>-1</admin_slot>
    <admin_id>1</admin_id>
    <admin_name>^7|^0+^7| ^0B^7ull^0y[1]</admin_name>
    <admin_ip>127.0.0.1</admin_ip>
    <admin_port>29070</admin_port>
    <command>removeban</command>
    <target_slot>-1</target_slot>
    <target_port>0</target_port>
</SmodEvent>
<SmodEvent>
    <admin_slot>-1</admin_slot>
    <admin_id>1</admin_id>
    <admin_name>^7|^0+^7| ^0B^7ull^0y[1]</admin_name>
    <admin_ip>127.0.0.1</admin_ip>
    <admin_port>29070</admin_port>
    <command>removeban</command>
    <target_slot>-1</target_slot>
    <target_port>0</target_port>
</SmodEvent>
<SmodEvent>
    <admin_slot>-1</admin_slot>
    <admin_id>1</admin_id>
    <admin_name>^7|^0+^7| ^0B^7ull^0y[1]</admin_name>
    <admin_ip>127.0.0.1</admin_ip>
    <admin_port>29070</admin_port>
    <command>removeban</command>
    <target_slot>-1</target_slot>
    <target_port>0</target_port>
</SmodEvent>
<SmodEvent>
    <admin_slot>-1</admin_slot>
    <admin_id>1</admin_id>
    <admin_name>^7|^0+^7| ^0B^7ull^0y[1]</admin_name>
    <admin_ip>127.0.0.1</admin_ip>
    <admin_port>29070</admin_port>
    <command>tempban</command>
    <args>5</args>
    <target_slot>0</target_slot>
    <target_name>^7|^0+^7| ^0B^7ull^0y</target_name>
    <target_ip>127.0.0.1</target_ip>
    <target_port>29071</target_port>
</SmodEvent>
<SmodEvent>
    <admin_slot>-1</admin_slot>
    <admin_id>1</admin_id>
    <admin_name>^7|^0+^7| ^0B^7ull^0y[1]</admin_name>
    <admin_ip>127.0.0.1</admin_ip>
    <admin_port>29070</admin_port>
    <command>removetempban</command>
    <target_slot>-1</target_slot>
    <target_port>0</target_port>
</SmodEvent>
<SmodEvent>
    <admin_slot>-1</admin_slot>
    <admin_id>1</admin_id>
    <admin_name>^7|^0+^7| ^0B^7ull^0y[1]</admin_name>
    <admin_ip>127.0.0.1</admin_ip>
    <admin_port>29070</admin_port>
    <command>forceteam</command>
    <args>r</args>
    <target_slot>1</target_slot>
    <target_name>^7|^0+^7| ^0B^7ull^0y[1]</target_name>
    <target_ip>127.0.0.1</target_ip>
    <target_port>29070</target_port>
</SmodEvent>
<SmodEvent>
    <admin_slot>-1</admin_slot>
    <admin_id>1</admin_id>
    <admin_name>^7|^0+^7| ^0B^7ull^0y[1]</admin_name>
    <admin_ip>127.0.0.1</admin_ip>
    <admin_port>29070</admin_port>
    <command>forceteam</command>
    <args>b</args>
    <target_slot>1</target_slot>
    <target_name>^7|^0+^7| ^0B^7ull^0y[1]</target_name>
    <target_ip>127.0.0.1</target_ip>
    <target_port>29070</target_port>
</SmodEvent>
<SmodEvent>
    <admin_slot>-1</admin_slot>
    <admin_id>1</admin_id>
    <admin_name>^7|^0+^7| ^0B^7ull^0y[1]</admin_name>
    <admin_ip>127.0.0.1</admin_ip>
    <admin_port>29070</admin_port>
    <command>forceteam</command>
    <args>s</args>
    <target_slot>1</target_slot>
    <target_name>^7|^0+^7| ^0B^7ull^0y[1]</target_name>
    <target_ip>127.0.0.1</target_ip>
    <target_port>29070</target_port>
</SmodEvent>
<SmodEvent>
    <admin_slot>-1</admin_slot>
    <admin_id>1</admin_id>
    <admin_name>^7|^0+^7| ^0B^7ull^0y[1]</admin_name>
    <admin_ip>127.0.0.1</admin_ip>
    <admin_port>29070</admin_port>
    <command>vstr</command>
    <target_slot>-1</target_slot>
    <target_port>0</target_port>
</SmodEvent>
<SmodEvent>
    <admin_slot>-1</admin_slot>
    <admin_id>1</admin_id>
    <admin_name>^7|^0+^7| ^0B^7ull^0y[1]</admin_name>
    <admin_ip>127.0.0.1</admin_ip>
    <admin_port>29070</admin_port>
    <command>shuffle</command>
    <target_slot>-1</target_slot>
    <target_port>0</target_port>
</SmodEvent>
<SmodEvent>
    <admin_slot>-1</admin_slot>
    <admin_id>1</admin_id>
    <admin_name>^7|^0+^7| ^0B^7ull^0y[1]</admin_name>
    <admin_ip>127.0.0.1</admin_ip>
    <admin_port>29070</admin_port>
    <command>newround</command>
    <target_slot>-1</target_slot>
    <target_port>0</target_port>
</SmodEvent>
<SmodEvent>
    <admin_slot>-1</admin_slot>
    <admin_id>1</admin_id>
    <admin_port>0</admin_port>
    <command>mute</command>
    <args>10</args>
    <target_slot>-1</target_slot>
    <target_name>^7|^0+^7| ^0B^7ull^0y</target_name>
    <target_port>0</target_port>
</SmodEvent>
<SmodEvent>
    <admin_slot>-1</admin_slot>
    <admin_id>1</admin_id>
    <admin_port>0</admin_port>
    <command>unmute</command>
    <target_slot>-1</target_slot>
    <target_name>^7|^0+^7| ^0B^7ull^0y</target_name>
    <target_port>0</target_port>
</SmodEvent>
<SmodEvent>
    <admin_slot>-1</admin_slot>
    <admin_id>1</admin_id>
    <admin_port>0</admin_port>
    <command>settk</command>
    <args>599</args>
    <target_slot>-1</target_slot>
    <target_name>^7|^0+^7| ^0B^7ull^0y</target_name>
    <target_port>0</target_port>
</SmodEvent>
<SmodEvent>
    <admin_slot>-1</admin_slot>
    <admin_id>1</admin_id>
    <admin_port>0</admin_port>
    <command>settk</command>
    <args>0</args>
    <target_slot>-1</target_slot>
    <target_name>^7|^0+^7| ^0B^7ull^0y</target_name>
    <target_port>0</target_port>
</SmodEvent>
<SmodEvent>
    <admin_slot>-1</admin_slot>
    <admin_id>1</admin_id>
    <admin_port>0</admin_port>
    <command>marktk</command>
    <args>10</args>
    <target_slot>-1</target_slot>
    <target_name>^7|^0+^7| ^0B^7ull^0y</target_name>
    <target_port>0</target_port>
</SmodEvent>
<SmodEvent>
    <admin_slot>-1</admin_slot>
    <admin_id>1</admin_id>
    <admin_port>0</admin_port>
    <command>unmarktk</command>
    <target_slot>-1</target_slot>
    <target_name>^7|^0+^7| ^0B^7ull^0y</target_name>
    <target_port>0</target_port>
</SmodEvent>